mode: set
photolist/handler.go:23.59,28.2 1 1
photolist/handler.go:30.73,33.16 2 1
photolist/handler.go:33.16,36.3 2 1
photolist/handler.go:38.2,42.17 1 1
photolist/handler.go:42.17,45.3 2 1
photolist/handler.go:48.75,51.16 2 0
photolist/handler.go:51.16,54.3 2 0
photolist/handler.go:56.2,60.16 4 0
photolist/handler.go:60.16,63.3 2 0
photolist/handler.go:64.2,71.16 5 0
photolist/handler.go:71.16,74.3 2 0
photolist/handler.go:76.2,78.54 2 0
photolist/handler.go:78.54,82.3 3 0
photolist/handler.go:84.2,93.16 7 0
photolist/handler.go:93.16,96.3 2 0
photolist/handler.go:98.2,99.16 2 0
photolist/handler.go:99.16,102.3 2 0
photolist/handler.go:104.2,104.69 1 0
photolist/handler.go:104.69,107.3 2 0
photolist/handler.go:109.2,109.50 1 0
photolist/handlers_mock.go:26.59,30.2 3 1
photolist/handlers_mock.go:33.57,35.2 1 1
photolist/handlers_mock.go:38.64,43.2 4 0
photolist/handlers_mock.go:46.73,49.2 2 0
photolist/handlers_mock.go:52.84,58.2 5 1
photolist/handlers_mock.go:61.84,64.2 2 1
photolist/main.go:18.13,21.16 2 0
photolist/main.go:21.16,23.3 1 0
photolist/main.go:24.2,26.34 2 0
photolist/main.go:26.34,28.3 1 0
photolist/main.go:30.2,33.24 3 0
photolist/main.go:33.24,36.17 3 0
photolist/main.go:36.17,38.4 1 0
photolist/main.go:41.2,54.63 10 0
photolist/photo.go:12.31,23.14 3 0
photolist/photo.go:23.14,26.3 2 0
photolist/photo.go:28.2,28.25 1 0
photolist/photo.go:31.57,35.16 3 0
photolist/photo.go:35.16,37.3 1 0
photolist/photo.go:39.2,39.26 1 0
photolist/photo.go:39.26,44.17 4 0
photolist/photo.go:44.17,46.4 1 0
photolist/photo.go:49.2,49.12 1 0
photolist/storage.go:20.42,25.37 2 1
photolist/storage.go:25.37,27.3 1 1
photolist/storage.go:29.2,29.11 1 1
photolist/storage.go:32.38,43.16 3 1
photolist/storage.go:43.16,45.3 1 1
photolist/storage.go:47.2,48.16 2 0
photolist/storage.go:48.16,50.3 1 0
photolist/storage.go:52.2,53.12 2 0
photolist/storage.go:57.63,61.16 3 1
photolist/storage.go:61.16,63.3 1 1
photolist/storage.go:65.2,67.16 2 1
photolist/storage.go:67.16,69.3 1 1
photolist/storage.go:71.2,71.13 1 1
photolist/storage.go:71.13,73.3 1 1
photolist/storage.go:75.2,75.12 1 1
photolist/storage.go:78.83,82.16 4 1
photolist/storage.go:82.16,84.3 1 1
photolist/storage.go:85.2,87.18 2 1
photolist/storage.go:87.18,91.47 3 1
photolist/storage.go:91.47,93.4 1 1
photolist/storage.go:95.3,101.33 2 1
photolist/storage.go:104.2,104.35 1 1
photolist/storage.go:104.35,106.3 1 1
photolist/storage.go:108.2,108.20 1 1
photolist/storage_m.go:9.26,13.2 1 0
photolist/storage_m.go:15.59,18.2 2 0
photolist/storage_m.go:20.79,23.29 2 0
photolist/storage_m.go:23.29,24.25 1 0
photolist/storage_m.go:24.25,26.4 1 0
photolist/storage_m.go:29.2,29.23 1 0
photolist/template.go:9.22,14.2 2 1
